I'm sorry, but errors were detected in your script. Please correct the
errors listed below, and try again.


File "game/story/Act1/scene_1.rpy", line 172: expected statement.
    jun frantic = "images/assets/character_sprites/jun/scene_1_jun_couch_frantic.png"
                ^

Ren'Py Version: Ren'Py 8.1.1.23060707
Fri Nov  3 02:26:59 2023
